[symmetricstrength.com/index.html]
[backblue.gif]
[fade.gif]
[index.html]
[symmetricstrength.com/index.html]
[symmetricstrength.com/static/res/img/fbimagef52a.png]
[symmetricstrength.com/static/res/css/custom3a57.css]
[symmetricstrength.com/static/res/img/logof2c9.png]
[symmetricstrength.com/standards.html]
[symmetricstrength.com/auth/login.html]
[symmetricstrength.com/static/res/css/style1285.css]
[symmetricstrength.com/calculator/one_rep_max.html]
[symmetricstrength.com/calculator/wilks.html]
[symmetricstrength.com/calculator/tdee.html]
[symmetricstrength.com/static/res/fonts/glyphicons-halflings-regular.eot]
[symmetricstrength.com/calculator/ideal_bodyweight.html]
[symmetricstrength.com/static/res/fonts/glyphicons-halflings-regulard41d.eot]
[symmetricstrength.com/about.html]
[symmetricstrength.com/static/res/libsb7fb.js]
[symmetricstrength.com/static/res/fonts/glyphicons-halflings-regular.woff]
[symmetricstrength.com/static/res/angular684a.js]
[symmetricstrength.com/static/res/fonts/glyphicons-halflings-regular.ttf]
[symmetricstrength.com/static/res/angular/symmetricstrength8e91.js]
[symmetricstrength.com/static/res/fonts/glyphicons-halflings-regular.svg]
[symmetricstrength.com/static/res/angular/components/main965f.js]
[symmetricstrength.com/static/res/angular/components/standards8d4b.js]
[symmetricstrength.com/cdn-cgi/l/email-protection.html]
[symmetricstrength.com/static/res/img/input-spinner.gif]
[symmetricstrength.com/privacy_policy.html]
[symmetricstrength.com/static/res/img/syncfusion-icons.png]
[symmetricstrength.com/terms_of_use.html]
[symmetricstrength.com/cdn-cgi/scripts/5c5dd728/cloudflare-static/email-decode.min.js]
[www.google-analytics.com/analytics.js]
[symmetricstrength.com/static/res/img/syncfusion-icons-white.png]
[symmetricstrength.com/static/res/img/accordion-plusminus.png]
[symmetricstrength.com/static/res/img/remove-icon-small.png]
[symmetricstrength.com/static/res/img/portlet-remove-icon.png]
[symmetricstrength.com/static/res/img/portlet-config-icon.png]
[symmetricstrength.com/static/res/img/portlet-reload-icon.png]
[symmetricstrength.com/static/res/img/portlet-expand-icon.png]
[symmetricstrength.com/static/res/img/portlet-collapse-icon.png]
[symmetricstrength.com/static/res/img/portlet-remove-icon-white.png]
[symmetricstrength.com/static/res/img/portlet-config-icon-white.png]
[symmetricstrength.com/static/res/img/portlet-reload-icon-white.png]
[symmetricstrength.com/static/res/img/portlet-expand-icon-white.png]
[symmetricstrength.com/static/res/img/portlet-collapse-icon-white.png]
[symmetricstrength.com/static/res/img/social/amazon.png]
[symmetricstrength.com/static/res/img/social/behance.png]
[symmetricstrength.com/static/res/img/social/blogger.png]
[symmetricstrength.com/static/res/img/social/deviantart.png]
[symmetricstrength.com/static/res/img/social/dribbble.png]
[symmetricstrength.com/static/res/img/social/dropbox.png]
[symmetricstrength.com/static/res/img/social/evernote.png]
[symmetricstrength.com/static/res/img/social/facebook.png]
[symmetricstrength.com/static/res/img/social/forrst.png]
[symmetricstrength.com/static/res/img/social/github.png]
[symmetricstrength.com/static/res/img/social/googleplus.png]
[symmetricstrength.com/static/res/img/social/jolicloud.png]
[symmetricstrength.com/static/res/img/social/last-fm.png]
[symmetricstrength.com/static/res/img/social/linkedin.png]
[symmetricstrength.com/static/res/img/social/picasa.png]
[symmetricstrength.com/static/res/img/social/rss.png]
[symmetricstrength.com/static/res/img/social/pintrest.png]
[symmetricstrength.com/static/res/img/social/skype.png]
[symmetricstrength.com/static/res/img/social/spotify.png]
[symmetricstrength.com/static/res/img/social/stumbleupon.png]
[symmetricstrength.com/static/res/img/social/tumblr.png]
[symmetricstrength.com/static/res/img/social/vimeo.png]
[symmetricstrength.com/static/res/img/social/twitter.png]
[symmetricstrength.com/static/res/img/social/wordpress.png]
[symmetricstrength.com/static/res/img/social/xing.png]
[symmetricstrength.com/static/res/img/social/yahoo.png]
[symmetricstrength.com/static/res/img/social/youtube.png]
[symmetricstrength.com/static/res/img/social/vk.png]
[symmetricstrength.com/static/res/img/social/instagram.png]
[symmetricstrength.com/static/res/img/social/reddit.png]
[symmetricstrength.com/static/res/img/social/aboutme.png]
[symmetricstrength.com/static/res/img/social/flickr.png]
[symmetricstrength.com/static/res/img/social/foursquare.png]
[symmetricstrength.com/static/res/img/social/gravatar.png]
[symmetricstrength.com/static/res/img/social/klout.png]
[symmetricstrength.com/static/res/img/social/myspace.png]
[symmetricstrength.com/static/res/img/social/quora.png]
[symmetricstrength.com/static/res/img/datatable-row-openclose.png]
[symmetricstrength.com/static/res/img/menu-toggler.png]
[symmetricstrength.com/static/res/images/sprite.png]
[symmetricstrength.com/static/res/images/bg-input.png]
[symmetricstrength.com/static/res/images/bg-input-focus.png]
[symmetricstrength.com/static/res/css/style1285.css]
[symmetricstrength.com/static/res/css/custom3a57.css]
[fonts.googleapis.com/cssbc32.css]
[maxcdn.bootstrapcdn.com/font-awesome/4.3.0/css/font-awesome.min.css]
[connect.facebook.net/en_US/sdk.js]
[symmetricstrength.com/auth/page/fb/login]
[symmetricstrength.com/static/res/css/loginc1f0.css]
[symmetricstrength.com/auth/page/googleemail2/forward]
[symmetricstrength.com/auth/login.html]
[symmetricstrength.com/standards.html]
[symmetricstrength.com/calculator/one_rep_max.html]
[symmetricstrength.com/auth/page/email/forgot-password.html]
[symmetricstrength.com/calculator/wilks.html]
[symmetricstrength.com/auth/page/email/register.html]
[symmetricstrength.com/static/res/angular/symmetricstrengthstandardse8bc.js]
[symmetricstrength.com/static/res/angular/symmetricstrengthcalculator6785.js]
[symmetricstrength.com/calculator/tdee.html]
[symmetricstrength.com/calculator/ideal_bodyweight.html]
[symmetricstrength.com/static/res/angular/components/calculator77d9.js]
[symmetricstrength.com/about.html]
[ir-na.amazon-adsystem.com/e/irfeb5.gif]
[ir-na.amazon-adsystem.com/e/irfeb5.gif]
[symmetricstrength.com/cdn-cgi/l/email-protection.html]
[ir-na.amazon-adsystem.com/e/irb74a.gif]
[ir-na.amazon-adsystem.com/e/irb74a.gif]
[symmetricstrength.com/privacy_policy.html]
[symmetricstrength.com/terms_of_use.html]
[symmetricstrength.com/static/res/fonts/glyphicons-halflings-regular.eot]
[symmetricstrength.com/static/res/fonts/glyphicons-halflings-regulard41d.eot]
[symmetricstrength.com/static/res/fonts/glyphicons-halflings-regular.woff]
[symmetricstrength.com/static/res/fonts/glyphicons-halflings-regular.ttf]
[symmetricstrength.com/static/res/fonts/glyphicons-halflings-regular.svg]
[symmetricstrength.com/static/res/img/input-spinner.gif]
[symmetricstrength.com/static/res/img/syncfusion-icons.png]
[symmetricstrength.com/static/res/img/syncfusion-icons-white.png]
[symmetricstrength.com/static/res/img/accordion-plusminus.png]
[symmetricstrength.com/static/res/img/portlet-remove-icon.png]
[symmetricstrength.com/static/res/img/portlet-config-icon.png]
[symmetricstrength.com/static/res/img/portlet-reload-icon.png]
[symmetricstrength.com/static/res/img/portlet-expand-icon.png]
[symmetricstrength.com/static/res/img/portlet-collapse-icon.png]
[symmetricstrength.com/static/res/img/portlet-remove-icon-white.png]
[symmetricstrength.com/static/res/img/portlet-config-icon-white.png]
[symmetricstrength.com/static/res/img/portlet-reload-icon-white.png]
[symmetricstrength.com/static/res/img/portlet-expand-icon-white.png]
[symmetricstrength.com/static/res/img/portlet-collapse-icon-white.png]
[symmetricstrength.com/static/res/img/social/amazon.png]
[symmetricstrength.com/static/res/img/social/behance.png]
[symmetricstrength.com/static/res/img/social/blogger.png]
[symmetricstrength.com/static/res/img/social/deviantart.png]
[symmetricstrength.com/static/res/img/social/dribbble.png]
[symmetricstrength.com/static/res/img/social/dropbox.png]
[symmetricstrength.com/static/res/img/social/evernote.png]
[symmetricstrength.com/static/res/img/social/forrst.png]
[symmetricstrength.com/static/res/img/social/github.png]
[symmetricstrength.com/static/res/img/social/jolicloud.png]
[symmetricstrength.com/static/res/img/social/last-fm.png]
[symmetricstrength.com/static/res/img/social/linkedin.png]
[symmetricstrength.com/static/res/img/social/picasa.png]
[symmetricstrength.com/static/res/img/social/rss.png]
[symmetricstrength.com/static/res/img/social/skype.png]
[symmetricstrength.com/static/res/img/social/spotify.png]
[symmetricstrength.com/static/res/img/social/stumbleupon.png]
[symmetricstrength.com/static/res/img/social/tumblr.png]
[symmetricstrength.com/static/res/img/social/vimeo.png]
[symmetricstrength.com/static/res/img/social/wordpress.png]
[symmetricstrength.com/static/res/img/social/xing.png]
[symmetricstrength.com/static/res/img/social/yahoo.png]
[symmetricstrength.com/static/res/img/social/youtube.png]
[symmetricstrength.com/static/res/img/social/vk.png]
[symmetricstrength.com/static/res/img/social/instagram.png]
[symmetricstrength.com/static/res/img/social/reddit.png]
[symmetricstrength.com/static/res/img/social/aboutme.png]
[symmetricstrength.com/static/res/img/social/flickr.png]
[symmetricstrength.com/static/res/img/social/foursquare.png]
[symmetricstrength.com/static/res/img/social/gravatar.png]
[symmetricstrength.com/static/res/img/social/klout.png]
[symmetricstrength.com/static/res/img/social/myspace.png]
[symmetricstrength.com/static/res/img/social/quora.png]
[symmetricstrength.com/static/res/img/datatable-row-openclose.png]
[symmetricstrength.com/static/res/images/sprite.png]
[symmetricstrength.com/static/res/images/bg-input.png]
[symmetricstrength.com/static/res/images/bg-input-focus.png]
[maxcdn.bootstrapcdn.com/font-awesome/4.3.0/fonts/fontawesome-webfonte0a5.svg]
[symmetricstrength.com/static/res/css/loginc1f0.css]
[symmetricstrength.com/auth/page/email/forgot-password.html]
[symmetricstrength.com/auth/page/fb/login]
[symmetricstrength.com/auth/page/googleemail2/forward]
[symmetricstrength.com/auth/page/email/register.html]
[uspa.net/resources/USPA-Standards-in-pounds-Men.html]
[uspa.net/resources/USPA-Standards-in-pounds-Women.html]
